t-076 [Manual Review] chapter-1.xhtml Grapheme or phoneme not italicized. Hint: 
Dialect with missing letters should mark missing letters with `’`.
        Two f’s.
